../../securemark-v2-main/securemark-v2-main/examples/selfhosted/profile/mbedtls_th_api/redist/mbedtls-3.0.0/include/psa/crypto_values.h:2119:19:mbedtls_svc_key_id_is_null	16	static
../../securemark-v2-main/securemark-v2-main/examples/selfhosted/profile/mbedtls_th_api/redist/mbedtls-3.0.0/include/psa/crypto_struct.h:361:36:psa_get_key_id	16	static
../../securemark-v2-main/securemark-v2-main/examples/selfhosted/profile/mbedtls_th_api/redist/mbedtls-3.0.0/include/psa/crypto_struct.h:389:34:psa_get_key_lifetime	16	static
../../securemark-v2-main/securemark-v2-main/examples/selfhosted/profile/mbedtls_th_api/redist/mbedtls-3.0.0/include/psa/crypto_struct.h:395:20:psa_extend_key_usage_flags	16	static
../../securemark-v2-main/securemark-v2-main/examples/selfhosted/profile/mbedtls_th_api/redist/mbedtls-3.0.0/include/psa/crypto_struct.h:404:20:psa_set_key_usage_flags	16	static
../../securemark-v2-main/securemark-v2-main/examples/selfhosted/profile/mbedtls_th_api/redist/mbedtls-3.0.0/include/psa/crypto_struct.h:436:20:psa_set_key_type	16	static
../../securemark-v2-main/securemark-v2-main/examples/selfhosted/profile/mbedtls_th_api/redist/mbedtls-3.0.0/include/psa/crypto_struct.h:454:30:psa_get_key_type	16	static
../../securemark-v2-main/securemark-v2-main/examples/selfhosted/profile/mbedtls_th_api/redist/mbedtls-3.0.0/include/psa/crypto_struct.h:460:20:psa_set_key_bits	16	static
../../securemark-v2-main/securemark-v2-main/examples/selfhosted/profile/mbedtls_th_api/redist/mbedtls-3.0.0/include/psa/crypto_struct.h:469:22:psa_get_key_bits	16	static
../../securemark-v2-main/securemark-v2-main/examples/selfhosted/profile/mbedtls_th_api/redist/mbedtls-3.0.0/include/psa/crypto_extra.h:592:32:mbedtls_ecc_group_to_psa	16	static
C:/Users/helat/STM32CubeIDE/workspace_1.18.1/PFA_version2.0_securemark/securemark-v2-main/securemark-v2-main/examples/selfhosted/profile/mbedtls_th_api/redist/mbedtls-3.0.0/library/psa_crypto_core.h:37:19:mbedtls_psa_safer_memcmp	32	static
C:/Users/helat/STM32CubeIDE/workspace_1.18.1/PFA_version2.0_securemark/securemark-v2-main/securemark-v2-main/examples/selfhosted/profile/mbedtls_th_api/redist/mbedtls-3.0.0/library/psa_crypto_slot_management.h:180:19:psa_key_lifetime_is_external	16	static
C:/Users/helat/STM32CubeIDE/workspace_1.18.1/PFA_version2.0_securemark/securemark-v2-main/securemark-v2-main/examples/selfhosted/profile/mbedtls_th_api/redist/mbedtls-3.0.0/library/psa_crypto_random_impl.h:92:20:mbedtls_psa_drbg_init	16	static
C:/Users/helat/STM32CubeIDE/workspace_1.18.1/PFA_version2.0_securemark/securemark-v2-main/securemark-v2-main/examples/selfhosted/profile/mbedtls_th_api/redist/mbedtls-3.0.0/library/psa_crypto_random_impl.h:105:20:mbedtls_psa_drbg_free	16	static
C:/Users/helat/STM32CubeIDE/workspace_1.18.1/PFA_version2.0_securemark/securemark-v2-main/securemark-v2-main/examples/selfhosted/profile/mbedtls_th_api/redist/mbedtls-3.0.0/library/psa_crypto_random_impl.h:183:19:mbedtls_psa_drbg_seed	32	static
C:/Users/helat/STM32CubeIDE/workspace_1.18.1/PFA_version2.0_securemark/securemark-v2-main/securemark-v2-main/examples/selfhosted/profile/mbedtls_th_api/redist/mbedtls-3.0.0/library/psa_crypto.c:94:12:key_type_is_raw_bytes	16	static
C:/Users/helat/STM32CubeIDE/workspace_1.18.1/PFA_version2.0_securemark/securemark-v2-main/securemark-v2-main/examples/selfhosted/profile/mbedtls_th_api/redist/mbedtls-3.0.0/library/psa_crypto.c:122:14:mbedtls_to_psa_error	24	static
C:/Users/helat/STM32CubeIDE/workspace_1.18.1/PFA_version2.0_securemark/securemark-v2-main/securemark-v2-main/examples/selfhosted/profile/mbedtls_th_api/redist/mbedtls-3.0.0/library/psa_crypto.c:341:22:mbedtls_ecc_group_of_psa	24	static
C:/Users/helat/STM32CubeIDE/workspace_1.18.1/PFA_version2.0_securemark/securemark-v2-main/securemark-v2-main/examples/selfhosted/profile/mbedtls_th_api/redist/mbedtls-3.0.0/library/psa_crypto.c:440:21:validate_unstructured_key_bit_size	16	static
C:/Users/helat/STM32CubeIDE/workspace_1.18.1/PFA_version2.0_securemark/securemark-v2-main/securemark-v2-main/examples/selfhosted/profile/mbedtls_th_api/redist/mbedtls-3.0.0/library/psa_crypto.c:497:38:psa_mac_key_can_do	16	static
C:/Users/helat/STM32CubeIDE/workspace_1.18.1/PFA_version2.0_securemark/securemark-v2-main/securemark-v2-main/examples/selfhosted/profile/mbedtls_th_api/redist/mbedtls-3.0.0/library/psa_crypto.c:524:14:psa_allocate_buffer_to_slot	16	static
C:/Users/helat/STM32CubeIDE/workspace_1.18.1/PFA_version2.0_securemark/securemark-v2-main/securemark-v2-main/examples/selfhosted/profile/mbedtls_th_api/redist/mbedtls-3.0.0/library/psa_crypto.c:538:14:psa_copy_key_material_into_slot	32	static
C:/Users/helat/STM32CubeIDE/workspace_1.18.1/PFA_version2.0_securemark/securemark-v2-main/securemark-v2-main/examples/selfhosted/profile/mbedtls_th_api/redist/mbedtls-3.0.0/library/psa_crypto.c:551:14:psa_import_key_into_slot	48	static
C:/Users/helat/STM32CubeIDE/workspace_1.18.1/PFA_version2.0_securemark/securemark-v2-main/securemark-v2-main/examples/selfhosted/profile/mbedtls_th_api/redist/mbedtls-3.0.0/library/psa_crypto.c:623:24:psa_key_policy_algorithm_intersection	48	static
C:/Users/helat/STM32CubeIDE/workspace_1.18.1/PFA_version2.0_securemark/securemark-v2-main/securemark-v2-main/examples/selfhosted/profile/mbedtls_th_api/redist/mbedtls-3.0.0/library/psa_crypto.c:726:12:psa_key_algorithm_permits	32	static
C:/Users/helat/STM32CubeIDE/workspace_1.18.1/PFA_version2.0_securemark/securemark-v2-main/securemark-v2-main/examples/selfhosted/profile/mbedtls_th_api/redist/mbedtls-3.0.0/library/psa_crypto.c:827:21:psa_key_policy_permits	24	static
C:/Users/helat/STM32CubeIDE/workspace_1.18.1/PFA_version2.0_securemark/securemark-v2-main/securemark-v2-main/examples/selfhosted/profile/mbedtls_th_api/redist/mbedtls-3.0.0/library/psa_crypto.c:864:21:psa_restrict_key_policy	32	static
C:/Users/helat/STM32CubeIDE/workspace_1.18.1/PFA_version2.0_securemark/securemark-v2-main/securemark-v2-main/examples/selfhosted/profile/mbedtls_th_api/redist/mbedtls-3.0.0/library/psa_crypto.c:898:21:psa_get_and_lock_key_slot_with_policy	32	static
C:/Users/helat/STM32CubeIDE/workspace_1.18.1/PFA_version2.0_securemark/securemark-v2-main/securemark-v2-main/examples/selfhosted/profile/mbedtls_th_api/redist/mbedtls-3.0.0/library/psa_crypto.c:983:14:psa_remove_key_data_from_memory	16	static
C:/Users/helat/STM32CubeIDE/workspace_1.18.1/PFA_version2.0_securemark/securemark-v2-main/securemark-v2-main/examples/selfhosted/profile/mbedtls_th_api/redist/mbedtls-3.0.0/library/psa_crypto.c:999:14:psa_wipe_key_slot	24	static
C:/Users/helat/STM32CubeIDE/workspace_1.18.1/PFA_version2.0_securemark/securemark-v2-main/securemark-v2-main/examples/selfhosted/profile/mbedtls_th_api/redist/mbedtls-3.0.0/library/psa_crypto.c:1020:14:psa_destroy_key	32	static
C:/Users/helat/STM32CubeIDE/workspace_1.18.1/PFA_version2.0_securemark/securemark-v2-main/securemark-v2-main/examples/selfhosted/profile/mbedtls_th_api/redist/mbedtls-3.0.0/library/psa_crypto.c:1138:21:psa_get_rsa_public_exponent	48	static
C:/Users/helat/STM32CubeIDE/workspace_1.18.1/PFA_version2.0_securemark/securemark-v2-main/securemark-v2-main/examples/selfhosted/profile/mbedtls_th_api/redist/mbedtls-3.0.0/library/psa_crypto.c:1182:14:psa_get_key_attributes	40	static
C:/Users/helat/STM32CubeIDE/workspace_1.18.1/PFA_version2.0_securemark/securemark-v2-main/securemark-v2-main/examples/selfhosted/profile/mbedtls_th_api/redist/mbedtls-3.0.0/library/psa_crypto.c:1266:21:psa_export_key_buffer_internal	24	static
C:/Users/helat/STM32CubeIDE/workspace_1.18.1/PFA_version2.0_securemark/securemark-v2-main/securemark-v2-main/examples/selfhosted/profile/mbedtls_th_api/redist/mbedtls-3.0.0/library/psa_crypto.c:1281:14:psa_export_key_internal	40	static
C:/Users/helat/STM32CubeIDE/workspace_1.18.1/PFA_version2.0_securemark/securemark-v2-main/securemark-v2-main/examples/selfhosted/profile/mbedtls_th_api/redist/mbedtls-3.0.0/library/psa_crypto.c:1305:14:psa_export_key	88	static
C:/Users/helat/STM32CubeIDE/workspace_1.18.1/PFA_version2.0_securemark/securemark-v2-main/securemark-v2-main/examples/selfhosted/profile/mbedtls_th_api/redist/mbedtls-3.0.0/library/psa_crypto.c:1347:14:psa_export_public_key_internal	40	static
C:/Users/helat/STM32CubeIDE/workspace_1.18.1/PFA_version2.0_securemark/securemark-v2-main/securemark-v2-main/examples/selfhosted/profile/mbedtls_th_api/redist/mbedtls-3.0.0/library/psa_crypto.c:1409:14:psa_export_public_key	88	static
C:/Users/helat/STM32CubeIDE/workspace_1.18.1/PFA_version2.0_securemark/securemark-v2-main/securemark-v2-main/examples/selfhosted/profile/mbedtls_th_api/redist/mbedtls-3.0.0/library/psa_crypto.c:1469:21:psa_validate_key_policy	16	static
C:/Users/helat/STM32CubeIDE/workspace_1.18.1/PFA_version2.0_securemark/securemark-v2-main/securemark-v2-main/examples/selfhosted/profile/mbedtls_th_api/redist/mbedtls-3.0.0/library/psa_crypto.c:1499:21:psa_validate_key_attributes	32	static
C:/Users/helat/STM32CubeIDE/workspace_1.18.1/PFA_version2.0_securemark/securemark-v2-main/securemark-v2-main/examples/selfhosted/profile/mbedtls_th_api/redist/mbedtls-3.0.0/library/psa_crypto.c:1574:21:psa_start_key_creation	48	static
C:/Users/helat/STM32CubeIDE/workspace_1.18.1/PFA_version2.0_securemark/securemark-v2-main/securemark-v2-main/examples/selfhosted/profile/mbedtls_th_api/redist/mbedtls-3.0.0/library/psa_crypto.c:1705:21:psa_finish_key_creation	32	static
C:/Users/helat/STM32CubeIDE/workspace_1.18.1/PFA_version2.0_securemark/securemark-v2-main/securemark-v2-main/examples/selfhosted/profile/mbedtls_th_api/redist/mbedtls-3.0.0/library/psa_crypto.c:1788:13:psa_fail_key_creation	16	static
C:/Users/helat/STM32CubeIDE/workspace_1.18.1/PFA_version2.0_securemark/securemark-v2-main/securemark-v2-main/examples/selfhosted/profile/mbedtls_th_api/redist/mbedtls-3.0.0/library/psa_crypto.c:1825:21:psa_validate_optional_attributes	64	static
C:/Users/helat/STM32CubeIDE/workspace_1.18.1/PFA_version2.0_securemark/securemark-v2-main/securemark-v2-main/examples/selfhosted/profile/mbedtls_th_api/redist/mbedtls-3.0.0/library/psa_crypto.c:1891:14:psa_import_key	56	static
C:/Users/helat/STM32CubeIDE/workspace_1.18.1/PFA_version2.0_securemark/securemark-v2-main/securemark-v2-main/examples/selfhosted/profile/mbedtls_th_api/redist/mbedtls-3.0.0/library/psa_crypto.c:1989:21:psa_copy_key_material	24	static
C:/Users/helat/STM32CubeIDE/workspace_1.18.1/PFA_version2.0_securemark/securemark-v2-main/securemark-v2-main/examples/selfhosted/profile/mbedtls_th_api/redist/mbedtls-3.0.0/library/psa_crypto.c:2004:14:psa_copy_key	88	static
C:/Users/helat/STM32CubeIDE/workspace_1.18.1/PFA_version2.0_securemark/securemark-v2-main/securemark-v2-main/examples/selfhosted/profile/mbedtls_th_api/redist/mbedtls-3.0.0/library/psa_crypto.c:2078:14:psa_hash_abort	24	static
C:/Users/helat/STM32CubeIDE/workspace_1.18.1/PFA_version2.0_securemark/securemark-v2-main/securemark-v2-main/examples/selfhosted/profile/mbedtls_th_api/redist/mbedtls-3.0.0/library/psa_crypto.c:2090:14:psa_hash_setup	24	static
C:/Users/helat/STM32CubeIDE/workspace_1.18.1/PFA_version2.0_securemark/securemark-v2-main/securemark-v2-main/examples/selfhosted/profile/mbedtls_th_api/redist/mbedtls-3.0.0/library/psa_crypto.c:2121:14:psa_hash_update	32	static
C:/Users/helat/STM32CubeIDE/workspace_1.18.1/PFA_version2.0_securemark/securemark-v2-main/securemark-v2-main/examples/selfhosted/profile/mbedtls_th_api/redist/mbedtls-3.0.0/library/psa_crypto.c:2147:14:psa_hash_finish	32	static
C:/Users/helat/STM32CubeIDE/workspace_1.18.1/PFA_version2.0_securemark/securemark-v2-main/securemark-v2-main/examples/selfhosted/profile/mbedtls_th_api/redist/mbedtls-3.0.0/library/psa_crypto.c:2162:14:psa_hash_verify	96	static
C:/Users/helat/STM32CubeIDE/workspace_1.18.1/PFA_version2.0_securemark/securemark-v2-main/securemark-v2-main/examples/selfhosted/profile/mbedtls_th_api/redist/mbedtls-3.0.0/library/psa_crypto.c:2192:14:psa_hash_compute	32	static
C:/Users/helat/STM32CubeIDE/workspace_1.18.1/PFA_version2.0_securemark/securemark-v2-main/securemark-v2-main/examples/selfhosted/profile/mbedtls_th_api/redist/mbedtls-3.0.0/library/psa_crypto.c:2205:14:psa_hash_compare	104	static
C:/Users/helat/STM32CubeIDE/workspace_1.18.1/PFA_version2.0_securemark/securemark-v2-main/securemark-v2-main/examples/selfhosted/profile/mbedtls_th_api/redist/mbedtls-3.0.0/library/psa_crypto.c:2228:14:psa_hash_clone	24	static
C:/Users/helat/STM32CubeIDE/workspace_1.18.1/PFA_version2.0_securemark/securemark-v2-main/securemark-v2-main/examples/selfhosted/profile/mbedtls_th_api/redist/mbedtls-3.0.0/library/psa_crypto.c:2250:14:psa_mac_abort	24	static
C:/Users/helat/STM32CubeIDE/workspace_1.18.1/PFA_version2.0_securemark/securemark-v2-main/securemark-v2-main/examples/selfhosted/profile/mbedtls_th_api/redist/mbedtls-3.0.0/library/psa_crypto.c:2264:21:psa_mac_finalize_alg_and_key_validation	40	static
C:/Users/helat/STM32CubeIDE/workspace_1.18.1/PFA_version2.0_securemark/securemark-v2-main/securemark-v2-main/examples/selfhosted/profile/mbedtls_th_api/redist/mbedtls-3.0.0/library/psa_crypto.c:2304:21:psa_mac_setup	88	static
C:/Users/helat/STM32CubeIDE/workspace_1.18.1/PFA_version2.0_securemark/securemark-v2-main/securemark-v2-main/examples/selfhosted/profile/mbedtls_th_api/redist/mbedtls-3.0.0/library/psa_crypto.c:2365:14:psa_mac_sign_setup	24	static
C:/Users/helat/STM32CubeIDE/workspace_1.18.1/PFA_version2.0_securemark/securemark-v2-main/securemark-v2-main/examples/selfhosted/profile/mbedtls_th_api/redist/mbedtls-3.0.0/library/psa_crypto.c:2372:14:psa_mac_verify_setup	24	static
C:/Users/helat/STM32CubeIDE/workspace_1.18.1/PFA_version2.0_securemark/securemark-v2-main/securemark-v2-main/examples/selfhosted/profile/mbedtls_th_api/redist/mbedtls-3.0.0/library/psa_crypto.c:2379:14:psa_mac_update	32	static
C:/Users/helat/STM32CubeIDE/workspace_1.18.1/PFA_version2.0_securemark/securemark-v2-main/securemark-v2-main/examples/selfhosted/profile/mbedtls_th_api/redist/mbedtls-3.0.0/library/psa_crypto.c:2399:14:psa_mac_sign_finish	32	static
C:/Users/helat/STM32CubeIDE/workspace_1.18.1/PFA_version2.0_securemark/securemark-v2-main/securemark-v2-main/examples/selfhosted/profile/mbedtls_th_api/redist/mbedtls-3.0.0/library/psa_crypto.c:2459:14:psa_mac_verify_finish	32	static
C:/Users/helat/STM32CubeIDE/workspace_1.18.1/PFA_version2.0_securemark/securemark-v2-main/securemark-v2-main/examples/selfhosted/profile/mbedtls_th_api/redist/mbedtls-3.0.0/library/psa_crypto.c:2493:21:psa_mac_compute_internal	112	static
C:/Users/helat/STM32CubeIDE/workspace_1.18.1/PFA_version2.0_securemark/securemark-v2-main/securemark-v2-main/examples/selfhosted/profile/mbedtls_th_api/redist/mbedtls-3.0.0/library/psa_crypto.c:2556:14:psa_mac_compute	40	static
C:/Users/helat/STM32CubeIDE/workspace_1.18.1/PFA_version2.0_securemark/securemark-v2-main/securemark-v2-main/examples/selfhosted/profile/mbedtls_th_api/redist/mbedtls-3.0.0/library/psa_crypto.c:2569:14:psa_mac_verify	112	static
C:/Users/helat/STM32CubeIDE/workspace_1.18.1/PFA_version2.0_securemark/securemark-v2-main/securemark-v2-main/examples/selfhosted/profile/mbedtls_th_api/redist/mbedtls-3.0.0/library/psa_crypto.c:2608:21:psa_sign_verify_check_alg	16	static
C:/Users/helat/STM32CubeIDE/workspace_1.18.1/PFA_version2.0_securemark/securemark-v2-main/securemark-v2-main/examples/selfhosted/profile/mbedtls_th_api/redist/mbedtls-3.0.0/library/psa_crypto.c:2631:21:psa_sign_internal	104	static
C:/Users/helat/STM32CubeIDE/workspace_1.18.1/PFA_version2.0_securemark/securemark-v2-main/securemark-v2-main/examples/selfhosted/profile/mbedtls_th_api/redist/mbedtls-3.0.0/library/psa_crypto.c:2711:21:psa_verify_internal	96	static
C:/Users/helat/STM32CubeIDE/workspace_1.18.1/PFA_version2.0_securemark/securemark-v2-main/securemark-v2-main/examples/selfhosted/profile/mbedtls_th_api/redist/mbedtls-3.0.0/library/psa_crypto.c:2761:14:psa_sign_message_builtin	120	static
C:/Users/helat/STM32CubeIDE/workspace_1.18.1/PFA_version2.0_securemark/securemark-v2-main/securemark-v2-main/examples/selfhosted/profile/mbedtls_th_api/redist/mbedtls-3.0.0/library/psa_crypto.c:2796:14:psa_sign_message	40	static
C:/Users/helat/STM32CubeIDE/workspace_1.18.1/PFA_version2.0_securemark/securemark-v2-main/securemark-v2-main/examples/selfhosted/profile/mbedtls_th_api/redist/mbedtls-3.0.0/library/psa_crypto.c:2809:14:psa_verify_message_builtin	112	static
C:/Users/helat/STM32CubeIDE/workspace_1.18.1/PFA_version2.0_securemark/securemark-v2-main/securemark-v2-main/examples/selfhosted/profile/mbedtls_th_api/redist/mbedtls-3.0.0/library/psa_crypto.c:2843:14:psa_verify_message	40	static
C:/Users/helat/STM32CubeIDE/workspace_1.18.1/PFA_version2.0_securemark/securemark-v2-main/securemark-v2-main/examples/selfhosted/profile/mbedtls_th_api/redist/mbedtls-3.0.0/library/psa_crypto.c:2855:14:psa_sign_hash_builtin	48	static
C:/Users/helat/STM32CubeIDE/workspace_1.18.1/PFA_version2.0_securemark/securemark-v2-main/securemark-v2-main/examples/selfhosted/profile/mbedtls_th_api/redist/mbedtls-3.0.0/library/psa_crypto.c:2913:14:psa_sign_hash	40	static
C:/Users/helat/STM32CubeIDE/workspace_1.18.1/PFA_version2.0_securemark/securemark-v2-main/securemark-v2-main/examples/selfhosted/profile/mbedtls_th_api/redist/mbedtls-3.0.0/library/psa_crypto.c:2926:14:psa_verify_hash_builtin	40	static
C:/Users/helat/STM32CubeIDE/workspace_1.18.1/PFA_version2.0_securemark/securemark-v2-main/securemark-v2-main/examples/selfhosted/profile/mbedtls_th_api/redist/mbedtls-3.0.0/library/psa_crypto.c:2983:14:psa_verify_hash	40	static
C:/Users/helat/STM32CubeIDE/workspace_1.18.1/PFA_version2.0_securemark/securemark-v2-main/securemark-v2-main/examples/selfhosted/profile/mbedtls_th_api/redist/mbedtls-3.0.0/library/psa_crypto.c:2996:12:psa_rsa_oaep_set_padding_mode	32	static
C:/Users/helat/STM32CubeIDE/workspace_1.18.1/PFA_version2.0_securemark/securemark-v2-main/securemark-v2-main/examples/selfhosted/profile/mbedtls_th_api/redist/mbedtls-3.0.0/library/psa_crypto.c:3007:14:psa_asymmetric_encrypt	56	static
C:/Users/helat/STM32CubeIDE/workspace_1.18.1/PFA_version2.0_securemark/securemark-v2-main/securemark-v2-main/examples/selfhosted/profile/mbedtls_th_api/redist/mbedtls-3.0.0/library/psa_crypto.c:3116:14:psa_asymmetric_decrypt	64	static
C:/Users/helat/STM32CubeIDE/workspace_1.18.1/PFA_version2.0_securemark/securemark-v2-main/securemark-v2-main/examples/selfhosted/profile/mbedtls_th_api/redist/mbedtls-3.0.0/library/psa_crypto.c:3230:21:psa_cipher_setup	96	static
C:/Users/helat/STM32CubeIDE/workspace_1.18.1/PFA_version2.0_securemark/securemark-v2-main/securemark-v2-main/examples/selfhosted/profile/mbedtls_th_api/redist/mbedtls-3.0.0/library/psa_crypto.c:3297:14:psa_cipher_encrypt_setup	24	static
C:/Users/helat/STM32CubeIDE/workspace_1.18.1/PFA_version2.0_securemark/securemark-v2-main/securemark-v2-main/examples/selfhosted/profile/mbedtls_th_api/redist/mbedtls-3.0.0/library/psa_crypto.c:3304:14:psa_cipher_decrypt_setup	24	static
C:/Users/helat/STM32CubeIDE/workspace_1.18.1/PFA_version2.0_securemark/securemark-v2-main/securemark-v2-main/examples/selfhosted/profile/mbedtls_th_api/redist/mbedtls-3.0.0/library/psa_crypto.c:3311:14:psa_cipher_generate_iv	32	static
C:/Users/helat/STM32CubeIDE/workspace_1.18.1/PFA_version2.0_securemark/securemark-v2-main/securemark-v2-main/examples/selfhosted/profile/mbedtls_th_api/redist/mbedtls-3.0.0/library/psa_crypto.c:3358:14:psa_cipher_set_iv	32	static
C:/Users/helat/STM32CubeIDE/workspace_1.18.1/PFA_version2.0_securemark/securemark-v2-main/securemark-v2-main/examples/selfhosted/profile/mbedtls_th_api/redist/mbedtls-3.0.0/library/psa_crypto.c:3394:14:psa_cipher_update	40	static
C:/Users/helat/STM32CubeIDE/workspace_1.18.1/PFA_version2.0_securemark/securemark-v2-main/securemark-v2-main/examples/selfhosted/profile/mbedtls_th_api/redist/mbedtls-3.0.0/library/psa_crypto.c:3429:14:psa_cipher_finish	32	static
C:/Users/helat/STM32CubeIDE/workspace_1.18.1/PFA_version2.0_securemark/securemark-v2-main/securemark-v2-main/examples/selfhosted/profile/mbedtls_th_api/redist/mbedtls-3.0.0/library/psa_crypto.c:3465:14:psa_cipher_abort	16	static
C:/Users/helat/STM32CubeIDE/workspace_1.18.1/PFA_version2.0_securemark/securemark-v2-main/securemark-v2-main/examples/selfhosted/profile/mbedtls_th_api/redist/mbedtls-3.0.0/library/psa_crypto.c:3484:14:psa_cipher_encrypt	112	static
C:/Users/helat/STM32CubeIDE/workspace_1.18.1/PFA_version2.0_securemark/securemark-v2-main/securemark-v2-main/examples/selfhosted/profile/mbedtls_th_api/redist/mbedtls-3.0.0/library/psa_crypto.c:3540:14:psa_cipher_decrypt	104	static
C:/Users/helat/STM32CubeIDE/workspace_1.18.1/PFA_version2.0_securemark/securemark-v2-main/securemark-v2-main/examples/selfhosted/profile/mbedtls_th_api/redist/mbedtls-3.0.0/library/psa_crypto.c:3589:14:psa_aead_encrypt	120	static
C:/Users/helat/STM32CubeIDE/workspace_1.18.1/PFA_version2.0_securemark/securemark-v2-main/securemark-v2-main/examples/selfhosted/profile/mbedtls_th_api/redist/mbedtls-3.0.0/library/psa_crypto.c:3634:14:psa_aead_decrypt	120	static
C:/Users/helat/STM32CubeIDE/workspace_1.18.1/PFA_version2.0_securemark/securemark-v2-main/securemark-v2-main/examples/selfhosted/profile/mbedtls_th_api/redist/mbedtls-3.0.0/library/psa_crypto.c:3692:21:psa_key_derivation_start_hmac	72	static
C:/Users/helat/STM32CubeIDE/workspace_1.18.1/PFA_version2.0_securemark/securemark-v2-main/securemark-v2-main/examples/selfhosted/profile/mbedtls_th_api/redist/mbedtls-3.0.0/library/psa_crypto.c:3722:24:psa_key_derivation_get_kdf_alg	16	static
C:/Users/helat/STM32CubeIDE/workspace_1.18.1/PFA_version2.0_securemark/securemark-v2-main/securemark-v2-main/examples/selfhosted/profile/mbedtls_th_api/redist/mbedtls-3.0.0/library/psa_crypto.c:3731:14:psa_key_derivation_abort	24	static
C:/Users/helat/STM32CubeIDE/workspace_1.18.1/PFA_version2.0_securemark/securemark-v2-main/securemark-v2-main/examples/selfhosted/profile/mbedtls_th_api/redist/mbedtls-3.0.0/library/psa_crypto.c:3792:14:psa_key_derivation_get_capacity	16	static
C:/Users/helat/STM32CubeIDE/workspace_1.18.1/PFA_version2.0_securemark/securemark-v2-main/securemark-v2-main/examples/selfhosted/profile/mbedtls_th_api/redist/mbedtls-3.0.0/library/psa_crypto.c:3805:14:psa_key_derivation_set_capacity	16	static
C:/Users/helat/STM32CubeIDE/workspace_1.18.1/PFA_version2.0_securemark/securemark-v2-main/securemark-v2-main/examples/selfhosted/profile/mbedtls_th_api/redist/mbedtls-3.0.0/library/psa_crypto.c:3819:21:psa_key_derivation_hkdf_read	40	static
C:/Users/helat/STM32CubeIDE/workspace_1.18.1/PFA_version2.0_securemark/securemark-v2-main/securemark-v2-main/examples/selfhosted/profile/mbedtls_th_api/redist/mbedtls-3.0.0/library/psa_crypto.c:3894:21:psa_key_derivation_tls12_prf_generate_next_block	576	static
C:/Users/helat/STM32CubeIDE/workspace_1.18.1/PFA_version2.0_securemark/securemark-v2-main/securemark-v2-main/examples/selfhosted/profile/mbedtls_th_api/redist/mbedtls-3.0.0/library/psa_crypto.c:4004:21:psa_key_derivation_tls12_prf_read	40	static
C:/Users/helat/STM32CubeIDE/workspace_1.18.1/PFA_version2.0_securemark/securemark-v2-main/securemark-v2-main/examples/selfhosted/profile/mbedtls_th_api/redist/mbedtls-3.0.0/library/psa_crypto.c:4056:14:psa_key_derivation_output_bytes	40	static
C:/Users/helat/STM32CubeIDE/workspace_1.18.1/PFA_version2.0_securemark/securemark-v2-main/securemark-v2-main/examples/selfhosted/profile/mbedtls_th_api/redist/mbedtls-3.0.0/library/psa_crypto.c:4143:21:psa_generate_derived_key_internal	96	static
C:/Users/helat/STM32CubeIDE/workspace_1.18.1/PFA_version2.0_securemark/securemark-v2-main/securemark-v2-main/examples/selfhosted/profile/mbedtls_th_api/redist/mbedtls-3.0.0/library/psa_crypto.c:4190:14:psa_key_derivation_output_key	40	static
C:/Users/helat/STM32CubeIDE/workspace_1.18.1/PFA_version2.0_securemark/securemark-v2-main/securemark-v2-main/examples/selfhosted/profile/mbedtls_th_api/redist/mbedtls-3.0.0/library/psa_crypto.c:4238:21:psa_key_derivation_setup_kdf	32	static
C:/Users/helat/STM32CubeIDE/workspace_1.18.1/PFA_version2.0_securemark/securemark-v2-main/securemark-v2-main/examples/selfhosted/profile/mbedtls_th_api/redist/mbedtls-3.0.0/library/psa_crypto.c:4286:14:psa_key_derivation_setup	24	static
C:/Users/helat/STM32CubeIDE/workspace_1.18.1/PFA_version2.0_securemark/securemark-v2-main/securemark-v2-main/examples/selfhosted/profile/mbedtls_th_api/redist/mbedtls-3.0.0/library/psa_crypto.c:4322:21:psa_hkdf_input	32	static
C:/Users/helat/STM32CubeIDE/workspace_1.18.1/PFA_version2.0_securemark/securemark-v2-main/securemark-v2-main/examples/selfhosted/profile/mbedtls_th_api/redist/mbedtls-3.0.0/library/psa_crypto.c:4394:21:psa_tls12_prf_set_seed	24	static
C:/Users/helat/STM32CubeIDE/workspace_1.18.1/PFA_version2.0_securemark/securemark-v2-main/securemark-v2-main/examples/selfhosted/profile/mbedtls_th_api/redist/mbedtls-3.0.0/library/psa_crypto.c:4416:21:psa_tls12_prf_set_key	24	static
C:/Users/helat/STM32CubeIDE/workspace_1.18.1/PFA_version2.0_securemark/securemark-v2-main/securemark-v2-main/examples/selfhosted/profile/mbedtls_th_api/redist/mbedtls-3.0.0/library/psa_crypto.c:4438:21:psa_tls12_prf_set_label	24	static
C:/Users/helat/STM32CubeIDE/workspace_1.18.1/PFA_version2.0_securemark/securemark-v2-main/securemark-v2-main/examples/selfhosted/profile/mbedtls_th_api/redist/mbedtls-3.0.0/library/psa_crypto.c:4460:21:psa_tls12_prf_input	24	static
C:/Users/helat/STM32CubeIDE/workspace_1.18.1/PFA_version2.0_securemark/securemark-v2-main/securemark-v2-main/examples/selfhosted/profile/mbedtls_th_api/redist/mbedtls-3.0.0/library/psa_crypto.c:4481:21:psa_tls12_prf_psk_to_ms_set_key	296	static
C:/Users/helat/STM32CubeIDE/workspace_1.18.1/PFA_version2.0_securemark/securemark-v2-main/securemark-v2-main/examples/selfhosted/profile/mbedtls_th_api/redist/mbedtls-3.0.0/library/psa_crypto.c:4515:21:psa_tls12_prf_psk_to_ms_input	24	static
C:/Users/helat/STM32CubeIDE/workspace_1.18.1/PFA_version2.0_securemark/securemark-v2-main/securemark-v2-main/examples/selfhosted/profile/mbedtls_th_api/redist/mbedtls-3.0.0/library/psa_crypto.c:4540:12:psa_key_derivation_check_input_type	16	static
C:/Users/helat/STM32CubeIDE/workspace_1.18.1/PFA_version2.0_securemark/securemark-v2-main/securemark-v2-main/examples/selfhosted/profile/mbedtls_th_api/redist/mbedtls-3.0.0/library/psa_crypto.c:4565:21:psa_key_derivation_input_internal	40	static
C:/Users/helat/STM32CubeIDE/workspace_1.18.1/PFA_version2.0_securemark/securemark-v2-main/securemark-v2-main/examples/selfhosted/profile/mbedtls_th_api/redist/mbedtls-3.0.0/library/psa_crypto.c:4618:14:psa_key_derivation_input_bytes	32	static
C:/Users/helat/STM32CubeIDE/workspace_1.18.1/PFA_version2.0_securemark/securemark-v2-main/securemark-v2-main/examples/selfhosted/profile/mbedtls_th_api/redist/mbedtls-3.0.0/library/psa_crypto.c:4629:14:psa_key_derivation_input_key	48	static
C:/Users/helat/STM32CubeIDE/workspace_1.18.1/PFA_version2.0_securemark/securemark-v2-main/securemark-v2-main/examples/selfhosted/profile/mbedtls_th_api/redist/mbedtls-3.0.0/library/psa_crypto.c:4668:21:psa_key_agreement_ecdh	384	static
C:/Users/helat/STM32CubeIDE/workspace_1.18.1/PFA_version2.0_securemark/securemark-v2-main/securemark-v2-main/examples/selfhosted/profile/mbedtls_th_api/redist/mbedtls-3.0.0/library/psa_crypto.c:4724:21:psa_key_agreement_raw_internal	48	static
C:/Users/helat/STM32CubeIDE/workspace_1.18.1/PFA_version2.0_securemark/securemark-v2-main/securemark-v2-main/examples/selfhosted/profile/mbedtls_th_api/redist/mbedtls-3.0.0/library/psa_crypto.c:4769:21:psa_key_agreement_internal	120	static
C:/Users/helat/STM32CubeIDE/workspace_1.18.1/PFA_version2.0_securemark/securemark-v2-main/securemark-v2-main/examples/selfhosted/profile/mbedtls_th_api/redist/mbedtls-3.0.0/library/psa_crypto.c:4803:14:psa_key_derivation_key_agreement	48	static
C:/Users/helat/STM32CubeIDE/workspace_1.18.1/PFA_version2.0_securemark/securemark-v2-main/securemark-v2-main/examples/selfhosted/profile/mbedtls_th_api/redist/mbedtls-3.0.0/library/psa_crypto.c:4837:14:psa_raw_key_agreement	56	static
C:/Users/helat/STM32CubeIDE/workspace_1.18.1/PFA_version2.0_securemark/securemark-v2-main/securemark-v2-main/examples/selfhosted/profile/mbedtls_th_api/redist/mbedtls-3.0.0/library/psa_crypto.c:4891:13:mbedtls_psa_random_init	16	static
C:/Users/helat/STM32CubeIDE/workspace_1.18.1/PFA_version2.0_securemark/securemark-v2-main/securemark-v2-main/examples/selfhosted/profile/mbedtls_th_api/redist/mbedtls-3.0.0/library/psa_crypto.c:4921:13:mbedtls_psa_random_free	16	static
C:/Users/helat/STM32CubeIDE/workspace_1.18.1/PFA_version2.0_securemark/securemark-v2-main/securemark-v2-main/examples/selfhosted/profile/mbedtls_th_api/redist/mbedtls-3.0.0/library/psa_crypto.c:4933:21:mbedtls_psa_random_seed	24	static
C:/Users/helat/STM32CubeIDE/workspace_1.18.1/PFA_version2.0_securemark/securemark-v2-main/securemark-v2-main/examples/selfhosted/profile/mbedtls_th_api/redist/mbedtls-3.0.0/library/psa_crypto.c:4947:14:psa_generate_random	24	static
C:/Users/helat/STM32CubeIDE/workspace_1.18.1/PFA_version2.0_securemark/securemark-v2-main/securemark-v2-main/examples/selfhosted/profile/mbedtls_th_api/redist/mbedtls-3.0.0/library/psa_crypto.c:5048:21:psa_validate_key_type_and_size_for_key_generation	24	static
C:/Users/helat/STM32CubeIDE/workspace_1.18.1/PFA_version2.0_securemark/securemark-v2-main/securemark-v2-main/examples/selfhosted/profile/mbedtls_th_api/redist/mbedtls-3.0.0/library/psa_crypto.c:5089:14:psa_generate_key_internal	32	static
C:/Users/helat/STM32CubeIDE/workspace_1.18.1/PFA_version2.0_securemark/securemark-v2-main/securemark-v2-main/examples/selfhosted/profile/mbedtls_th_api/redist/mbedtls-3.0.0/library/psa_crypto.c:5144:14:psa_generate_key	32	static
C:/Users/helat/STM32CubeIDE/workspace_1.18.1/PFA_version2.0_securemark/securemark-v2-main/securemark-v2-main/examples/selfhosted/profile/mbedtls_th_api/redist/mbedtls-3.0.0/library/psa_crypto.c:5215:14:mbedtls_psa_crypto_configure_entropy_sources	16	static
C:/Users/helat/STM32CubeIDE/workspace_1.18.1/PFA_version2.0_securemark/securemark-v2-main/securemark-v2-main/examples/selfhosted/profile/mbedtls_th_api/redist/mbedtls-3.0.0/library/psa_crypto.c:5227:6:mbedtls_psa_crypto_free	8	static
C:/Users/helat/STM32CubeIDE/workspace_1.18.1/PFA_version2.0_securemark/securemark-v2-main/securemark-v2-main/examples/selfhosted/profile/mbedtls_th_api/redist/mbedtls-3.0.0/library/psa_crypto.c:5271:14:psa_crypto_init	16	static
